[Licensing::Module] Trying to connect to existing licensing client channel...
Built from '6000.5/staging' branch; Version is '6000.5.2f1 (eb73d3b415a1) revision 15430611'; Using compiler version '194234433'; Build Type 'Release'
OS: 'Windows 10  (10.0.19045) 64bit Professional' Language: 'en' Physical Memory: 32621 MB
[Licensing::IpcConnector] Successfully connected to: "LicenseClient-zxcvb" at "2026-07-05T08:57:46.6656002Z"
BatchMode: 1, IsHumanControllingUs: 0, StartBugReporterOnCrash: 0, Is64bit: 1
System  architecture: x64
Process architecture: x64
Date: 2026-07-05T08:57:46Z

COMMAND LINE ARGUMENTS:
C:\Program Files\Unity\Hub\Editor\6000.5.2f1\Editor\Unity.exe
-adb2
-batchMode
-noUpm
-name
AssetImportWorkerHW1
-projectPath
C:/Users/zxcvb/flappy bird Tong
-logFile
Logs/AssetImportWorkerHW1.log
-srvPort
49959
-parentPid
7392
-analyticsCloudUserId
18968457720752
-analyticsCloudProjectId
425b441f-e127-426f-882f-99d2aa02d0ef
-analyticsLocalProjectId
2f6ff803319e49f47ac883c103833957
-licensingIpc
LicenseClient-zxcvb
-noDiagnosticSwitchPersistentStore
-job-worker-count
3
-background-job-worker-count
8
-asset-garbage-collectors
1
-force-d3d12
-name
AssetImport
Successfully changed project path to: C:/Users/zxcvb/flappy bird Tong
C:/Users/zxcvb/flappy bird Tong
[UnityMemory] Configuration Parameters - Can be set up in boot.config
    "memorysetup-temp-allocator-size-gi-baking-worker=262144"
    "memorysetup-temp-allocator-size-gi-baking-worker=262144"
    "memorysetup-temp-allocator-size-gi-baking-worker=262144"
    "memorysetup-temp-allocator-size-gi-baking-worker=262144"
    "memorysetup-temp-allocator-size-gi-baking-worker=262144"
    "memorysetup-temp-allocator-size-nav-mesh-worker=65536"
    "memorysetup-temp-allocator-size-audio-worker=65536"
    "memorysetup-temp-allocator-size-cloud-worker=32768"
    "memorysetup-temp-allocator-size-gfx=262144"
    "memorysetup-temp-allocator-size-preload-manager=33554432"
    "memorysetup-allocator-temp-initial-block-size-main=262144"
    "memorysetup-allocator-temp-initial-block-size-worker=262144"
    "memorysetup-temp-allocator-size-job-worker=262144"
    "memorysetup-temp-allocator-size-background-worker=32768"
    "memorysetup-bucket-allocator-granularity=16"
    "memorysetup-bucket-allocator-bucket-count=8"
    "memorysetup-bucket-allocator-block-size=33554432"
    "memorysetup-bucket-allocator-block-count=8"
    "memorysetup-main-allocator-block-size=16777216"
    "memorysetup-thread-allocator-block-size=16777216"
    "memorysetup-main-allocator-mimalloc-enabled=0"
    "memorysetup-gfx-main-allocator-block-size=16777216"
    "memorysetup-gfx-thread-allocator-block-size=16777216"
    "memorysetup-cache-allocator-block-size=4194304"
    "memorysetup-typetree-allocator-block-size=2097152"
    "memorysetup-profiler-bucket-allocator-granularity=16"
    "memorysetup-profiler-bucket-allocator-bucket-count=8"
    "memorysetup-profiler-bucket-allocator-block-size=33554432"
    "memorysetup-profiler-bucket-allocator-block-count=8"
    "memorysetup-profiler-allocator-block-size=16777216"
    "memorysetup-profiler-editor-allocator-block-size=1048576"
    "memorysetup-temp-allocator-size-main=16777216"
    "memorysetup-job-temp-allocator-block-size=2097152"
    "memorysetup-job-temp-allocator-block-size-background=1048576"
    "memorysetup-job-temp-allocator-reduction-small-platforms=262144"
Player connection [12980]  Target information:

Player connection [12980]  * "[IP] 192.168.1.143 [Port] 0 [Flags] 2 [Guid] 1836351162 [EditorId] 1836351162 [Version] 1048832 [Id] WindowsEditor(7,DESKTOP-HSBM2JF) [Debug] 1 [PackageName] WindowsEditor [ProjectName] Editor" 

Player connection [12980] Host joined multi-casting on [225.0.0.222:54997]...
Player connection [12980] Host joined alternative multi-casting on [225.0.0.222:34997]...
JobSystem: Creating JobQueue using job-worker-count value 3
Input System module state changed to: Initialized.
[Physics::Module] Initialized fallback backend.
[Physics::Module] Id: 0xdecafbad
Library Redirect Path: Library/
[Physics::Module] Selected backend.
[Physics::Module] Name: PhysX
[Physics::Module] Id: 0xf2b8ea05
[Physics::Module] SDK Version: 4.1.2
[Physics::Module] Integration Version: 1.0.0
[Physics::Module] Threading Mode: Multi-Threaded
Refreshing native plugins compatible for Editor in 3.30 ms, found 5 plugins.
Initialize engine version: 6000.5.2f1 (eb73d3b415a1)
[Subsystems] Discovering subsystems at path C:/Program Files/Unity/Hub/Editor/6000.5.2f1/Editor/Data/Resources/UnitySubsystems
[Subsystems] Discovering subsystems at path C:/Users/zxcvb/flappy bird Tong/Assets
Forcing GfxDevice: Direct3D 12
GfxDevice: creating device client; kGfxThreadingModeNonThreaded
d3d12: failed to query info queue interface (0x80004002).
Direct3D:
    Version:         Direct3D 12 [level 12.2]
    Renderer:        NVIDIA GeForce RTX 2060 (ID=0x1f03)
    Vendor:          NVIDIA
    VRAM:            12061 MB
    App VRAM Budget: 11293 MB
    Driver:          32.0.16.1062
Initialize mono
Mono path[0] = 'C:/Program Files/Unity/Hub/Editor/6000.5.2f1/Editor/Data/Managed'
Mono path[1] = 'C:/Program Files/Unity/Hub/Editor/6000.5.2f1/Editor/Data/BCLExtensions/runtime/netstandard2.1'
Mono path[2] = 'C:/Program Files/Unity/Hub/Editor/6000.5.2f1/Editor/Data/MonoBleedingEdge/lib/mono/unityjit-win32'
Mono config path = 'C:/Program Files/Unity/Hub/Editor/6000.5.2f1/Editor/Data/MonoBleedingEdge/etc'
Using monoOptions --debugger-agent=transport=dt_socket,embedding=1,server=y,suspend=n,address=127.0.0.1:56328
CodeReloadManager initialized
Begin MonoManager ReloadAssembly
[Licensing::Client] Error: HandshakeResponse reported an error:
	ResponseCode: 505
	ResponseStatus: Unsupported protocol version '1.18.1'.
[Licensing::Module] Error: Failed to handshake to channel: "LicenseClient-zxcvb"
[Licensing::IpcConnector] LicenseClient-zxcvb channel disconnected successfully.
[Licensing::IpcConnector] Successfully connected to: "LicenseClient-zxcvb-6000.5.2" at "2026-07-05T08:57:47.5100162Z"
[Licensing::Client] Code 10 while verifying Licensing Client signature (process Id: 8696, path: "C:/Program Files/Unity/Hub/Editor/6000.5.2f1/Editor/Data/Resources/Licensing/Client/Unity.Licensing.Client.exe")
[Licensing::Module] LicensingClient has failed validation; ignoring
[Licensing::Client] Handshaking with LicensingClient:
  Version:                 1.18.1+9fbee8e
  Session Id:              d2bdb637c42f453286eb65bda79ee7cb
  Correlation Id:          6e05214b755730f4ff1173a146252846
  External correlation Id: 8965943114422928132
  Machine Id:              PiYkXEGITzrLHXGL4FeEsM2wYW4=
[Licensing::Module] Successfully connected to LicensingClient on channel: "LicenseClient-zxcvb-6000.5.2" (connect: 0.00s, validation: 0.00s, handshake: 0.00s)
[Licensing::IpcConnector] Successfully connected to: "LicenseClient-zxcvb-6000.5.2-notifications" at "2026-07-05T08:57:47.5161827Z"
[Licensing::Module] Licensing Background thread has ended after 0.85s
Registering precompiled unity dll's ...
Register platform support module: C:/Program Files/Unity/Hub/Editor/6000.5.2f1/Editor/Data/PlaybackEngines/WebGLSupport/UnityEditor.WebGL.Extensions.dll
Register platform support module: C:/Program Files/Unity/Hub/Editor/6000.5.2f1/Editor/Data/PlaybackEngines/WindowsStandaloneSupport/UnityEditor.WindowsStandalone.Extensions.dll
Registered in 0.002611 seconds.
Native extension for WindowsStandalone target not found
Native extension for WebGL target not found
Package Manager log level set to [2]
[Package Manager] Failed to launch server process. Reason: Unity was launched with the -noUpm command-line argument
[Package Manager] Unable to send message (not connected to server process).
[Package Manager] Cannot connect to Unity Package Manager local server
ScheduleIndexationOnStartup MainProcess:False IndexOnStartup:True
Mono: successfully reloaded assembly
- Finished resetting the current domain, in  0.394 seconds
Domain Reload Profiling: 943ms
	BeginReloadAssembly (135ms)
	RebuildCommonClasses (5ms)
	RebuildNativeTypeToScriptingClass (14ms)
	initialDomainReloadingComplete (63ms)
	LoadAllAssembliesAndSetupDomain (329ms)
		LoadAssemblies (132ms)
		AnalyzeDomain (248ms)
			TypeCache.Refresh (246ms)
				TypeCache.ScanAssembly (231ms)
	FinalizeReload (396ms)
		SetupLoadedEditorAssemblies (0ms)
			InitializePlatformSupportModulesInManaged (3ms)
			BeforeProcessingInitializeOnLoad (99ms)
			ProcessInitializeOnLoadAttributes (103ms)
			ProcessInitializeOnLoadMethodAttributes (110ms)
Initializing Unity extensions:
[Licensing::Client] Successfully resolved entitlement details
[Licensing::Module] License group:
  Id: 18968457720752-UnityPersXXXX
  Product: Unity Personal
  Type: Assigned
  Expiration: Unlimited
Curl error 3: URL rejected: Malformed input to a URL function
========================================================================
Worker process is ready to serve import requests
Import Worker Mode flag is 0x00
Begin MonoManager ReloadAssembly
Native extension for WindowsStandalone target not found
Native extension for WebGL target not found
[Package Manager] Failed to launch server process. Reason: Unity was launched with the -noUpm command-line argument
[Package Manager] Unable to send message (not connected to server process).
[Package Manager] Cannot connect to Unity Package Manager local server
Refreshing native plugins compatible for Editor in 2.65 ms, found 5 plugins.
[Package Manager] Failed to launch server process. Reason: Unity was launched with the -noUpm command-line argument
[Package Manager] Unable to send message (not connected to server process).
[Package Manager] Cannot connect to Unity Package Manager local server
ScheduleIndexationOnStartup MainProcess:False IndexOnStartup:True
Mono: successfully reloaded assembly
- Finished resetting the current domain, in  0.866 seconds
Domain Reload Profiling: 1645ms
	BeginReloadAssembly (159ms)
		DisableScriptedObjects (5ms)
		CreateAndSetChildDomain (24ms)
	RebuildCommonClasses (7ms)
	RebuildNativeTypeToScriptingClass (14ms)
	initialDomainReloadingComplete (47ms)
	LoadAllAssembliesAndSetupDomain (551ms)
		LoadAssemblies (306ms)
		AnalyzeDomain (227ms)
			TypeCache.Refresh (155ms)
				TypeCache.ScanAssembly (141ms)
			BuildScriptInfoCaches (63ms)
			ResolveRequiredComponents (7ms)
	FinalizeReload (867ms)
		SetupLoadedEditorAssemblies (0ms)
			BeforeProcessingInitializeOnLoad (94ms)
			ProcessInitializeOnLoadAttributes (339ms)
			ProcessInitializeOnLoadMethodAttributes (257ms)
			AfterProcessingInitializeOnLoad (7ms)
		AwakeInstancesAfterBackupRestoration (3ms)
AcceleratorClientConnectionCallback - disconnected - :0
Launched and connected shader compiler UnityShaderCompiler.exe after 0.01 seconds
Refreshing native plugins compatible for Editor in 2.26 ms, found 5 plugins.
Unloading 22 Unused Serialized files (Serialized files now loaded: 0)
Curl error 3: URL rejected: Malformed input to a URL function
Unloading 7159 unused Assets / (6.7 MB). Loaded Objects now: 8030.
Memory consumption went from 339.2 MB to 332.5 MB.
Total: 12.151600 ms (FindLiveObjects: 0.790400 ms CreateObjectMapping: 2.947700 ms MarkObjects: 5.005600 ms  DeleteObjects: 3.405300 ms)

========================================================================
Received Prepare
AcceleratorClientConnectionCallback - disconnected - :0
Begin MonoManager ReloadAssembly
Refreshing native plugins compatible for Editor in 2.03 ms, found 5 plugins.
Native extension for WindowsStandalone target not found
Native extension for WebGL target not found
[Package Manager] Failed to launch server process. Reason: Unity was launched with the -noUpm command-line argument
[Package Manager] Unable to send message (not connected to server process).
[Package Manager] Cannot connect to Unity Package Manager local server
[Package Manager] Failed to launch server process. Reason: Unity was launched with the -noUpm command-line argument
[Package Manager] Unable to send message (not connected to server process).
[Package Manager] Cannot connect to Unity Package Manager local server
ScheduleIndexationOnStartup MainProcess:False IndexOnStartup:True
Mono: successfully reloaded assembly
- Finished resetting the current domain, in  0.780 seconds
Domain Reload Profiling: 1741ms
	BeginReloadAssembly (276ms)
		DisableScriptedObjects (17ms)
		CreateAndSetChildDomain (49ms)
	RebuildCommonClasses (8ms)
	RebuildNativeTypeToScriptingClass (14ms)
	initialDomainReloadingComplete (70ms)
	LoadAllAssembliesAndSetupDomain (591ms)
		LoadAssemblies (370ms)
		AnalyzeDomain (202ms)
			TypeCache.Refresh (10ms)
			BuildScriptInfoCaches (181ms)
			ResolveRequiredComponents (8ms)
	FinalizeReload (781ms)
		SetupLoadedEditorAssemblies (0ms)
			InitializePlatformSupportModulesInManaged (3ms)
			BeforeProcessingInitializeOnLoad (96ms)
			ProcessInitializeOnLoadAttributes (297ms)
			ProcessInitializeOnLoadMethodAttributes (140ms)
			AfterProcessingInitializeOnLoad (6ms)
		AwakeInstancesAfterBackupRestoration (22ms)
Refreshing native plugins compatible for Editor in 2.15 ms, found 5 plugins.
Unloading 22 Unused Serialized files (Serialized files now loaded: 0)
Unloading 7157 unused Assets / (7.3 MB). Loaded Objects now: 8034.
Memory consumption went from 327.2 MB to 320.0 MB.
Total: 13.112000 ms (FindLiveObjects: 0.629900 ms CreateObjectMapping: 2.908000 ms MarkObjects: 5.310500 ms  DeleteObjects: 4.262500 ms)

Prepare: number of updated asset objects reloaded= 0
========================================================================
Received Import Request.
  Time of request: 2026-07-05T08:58:31.7922575Z
  Time since last request: 2233.48765640000011 seconds.
  importAddress: GUID: ceb35288ac262e7419343ab9a0e57157 - Path: Assets/pipecreate.cs - Importer: PreviewImporter
Importing 'GUID: ceb35288ac262e7419343ab9a0e57157 - Path: Assets/pipecreate.cs - Importer: PreviewImporter' with importer (PreviewImporter)
Imported 'GUID: ceb35288ac262e7419343ab9a0e57157' -> (Import Result ID: '674f9107622a17da43f9f7a2ccc17d39') in 0.005 seconds [static and dynamic dependencies]. Details - ImportResultOutputID=6821d845a9685c42d85ee7d2d33879dc DependenciesID=26ddb84194335d70140fb1896f6a4dc5 StaticDependenciesID=19a295076c0cbf30f86faea9036c9c69 
Number of updated asset objects reloaded before import = 0
Number of asset objects unloaded after import = 0
========================================================================
Received Prepare
AcceleratorClientConnectionCallback - disconnected - :0
[Licensing::Client] Successfully resolved entitlement details
Begin MonoManager ReloadAssembly
Native extension for WindowsStandalone target not found
Native extension for WebGL target not found
[Package Manager] Failed to launch server process. Reason: Unity was launched with the -noUpm command-line argument
[Package Manager] Unable to send message (not connected to server process).
[Package Manager] Cannot connect to Unity Package Manager local server
[Package Manager] Failed to launch server process. Reason: Unity was launched with the -noUpm command-line argument
[Package Manager] Unable to send message (not connected to server process).
[Package Manager] Cannot connect to Unity Package Manager local server
ScheduleIndexationOnStartup MainProcess:False IndexOnStartup:True
Mono: successfully reloaded assembly
- Finished resetting the current domain, in  0.775 seconds
Domain Reload Profiling: 1630ms
	BeginReloadAssembly (206ms)
		DisableScriptedObjects (11ms)
		CreateAndSetChildDomain (42ms)
	RebuildCommonClasses (7ms)
	RebuildNativeTypeToScriptingClass (15ms)
	initialDomainReloadingComplete (61ms)
	LoadAllAssembliesAndSetupDomain (564ms)
		LoadAssemblies (330ms)
		AnalyzeDomain (207ms)
			TypeCache.Refresh (11ms)
			BuildScriptInfoCaches (185ms)
			ResolveRequiredComponents (10ms)
	FinalizeReload (776ms)
		SetupLoadedEditorAssemblies (0ms)
			InitializePlatformSupportModulesInManaged (3ms)
			BeforeProcessingInitializeOnLoad (106ms)
			ProcessInitializeOnLoadAttributes (294ms)
			ProcessInitializeOnLoadMethodAttributes (142ms)
			AfterProcessingInitializeOnLoad (8ms)
		AwakeInstancesAfterBackupRestoration (21ms)
Unloading 22 Unused Serialized files (Serialized files now loaded: 0)
Unloading 7157 unused Assets / (5.9 MB). Loaded Objects now: 8039.
Memory consumption went from 331.2 MB to 325.3 MB.
Total: 10.143600 ms (FindLiveObjects: 0.656000 ms CreateObjectMapping: 2.637800 ms MarkObjects: 4.413300 ms  DeleteObjects: 2.435400 ms)

Prepare: number of updated asset objects reloaded= 0
========================================================================
Received Prepare
AcceleratorClientConnectionCallback - disconnected - :0
Refreshing native plugins compatible for Editor in 2.96 ms, found 5 plugins.
Unloading 22 Unused Serialized files (Serialized files now loaded: 0)
Unloading 22 unused Assets / (2.6 MB). Loaded Objects now: 8039.
Memory consumption went from 327.9 MB to 325.3 MB.
Total: 7.540800 ms (FindLiveObjects: 0.385800 ms CreateObjectMapping: 1.219600 ms MarkObjects: 5.602000 ms  DeleteObjects: 0.331300 ms)

Prepare: number of updated asset objects reloaded= 0
========================================================================
Received Import Request.
  Time of request: 2026-07-05T09:13:01.5808054Z
  Time since last request: 869.77248280000003 seconds.
  importAddress: GUID: 04b41c1ff5f29644e940744bf458af4c - Path: Assets/Pipe.png - Importer: PreviewImporter
Importing 'GUID: 04b41c1ff5f29644e940744bf458af4c - Path: Assets/Pipe.png - Importer: PreviewImporter' with importer (PreviewImporter)
Imported 'GUID: 04b41c1ff5f29644e940744bf458af4c' -> (Import Result ID: '508594f69322b65eefd6190fc5546f69') in 0.073 seconds [static and dynamic dependencies]. Details - ImportResultOutputID=cdbd4af05ecd996d0e9f69dba158d3d2 DependenciesID=2fd2b48a57522c8c649f4201192707ea StaticDependenciesID=d041333836144238852b8fcefa36e1ae 
Number of updated asset objects reloaded before import = 0
Number of asset objects unloaded after import = 3
========================================================================
Received Import Request.
  Time of request: 2026-07-05T09:28:59.6762791Z
  Time since last request: 958.01092770000002 seconds.
  importAddress: GUID: c0583b4e855c74b8c82e7b9b5efb5ce9 - Path: Packages/com.unity.2d.spriteshape/Editor/ObjectMenuCreation/DefaultAssets/Sprite Shapes/Closed Sprite Shape.prefab - Importer: PreviewImporter
Importing 'GUID: c0583b4e855c74b8c82e7b9b5efb5ce9 - Path: Packages/com.unity.2d.spriteshape/Editor/ObjectMenuCreation/DefaultAssets/Sprite Shapes/Closed Sprite Shape.prefab - Importer: PreviewImporter' with importer (PreviewImporter)
Imported 'GUID: c0583b4e855c74b8c82e7b9b5efb5ce9' -> (Import Result ID: 'bebc8a5c83e3144eec3ad2e441a86b6b') in 0.364 seconds [static and dynamic dependencies]. Details - ImportResultOutputID=941295439d84ba8b7d13bf6b4ea6aa6c DependenciesID=a1308c7310c55daf20160776fa1fe696 StaticDependenciesID=3ac17d813fdef738831511e616f9cd30 
Number of updated asset objects reloaded before import = 0
Number of asset objects unloaded after import = 14
========================================================================
Received Import Request.
  Time of request: 2026-07-05T09:29:00.0517981Z
  Time since last request: 0.0000544 seconds.
  importAddress: GUID: b28fa67a0ff82c5478f27368dc627683 - Path: Packages/com.unity.render-pipelines.core/Runtime/RenderPipelineResources/Mesh/SamplesFixture.fbx - Importer: PreviewImporter
Importing 'GUID: b28fa67a0ff82c5478f27368dc627683 - Path: Packages/com.unity.render-pipelines.core/Runtime/RenderPipelineResources/Mesh/SamplesFixture.fbx - Importer: PreviewImporter' with importer (PreviewImporter)
Imported 'GUID: b28fa67a0ff82c5478f27368dc627683' -> (Import Result ID: 'a20c9444da5b875b79fb283e13f73f57') in 0.223 seconds [static and dynamic dependencies]. Details - ImportResultOutputID=678230b6f995abef515f7fb21309a084 DependenciesID=ed47023a793d751efa9654b64ddd9105 StaticDependenciesID=d8df7ffe1d69acc39939bd8e7ae45ba0 
Number of updated asset objects reloaded before import = 0
Number of asset objects unloaded after import = 10
========================================================================
Received Import Request.
  Time of request: 2026-07-05T09:29:00.2883718Z
  Time since last request: 0.0000406 seconds.
  importAddress: GUID: 1dbf28c1bb322474d981b2dc555e28b0 - Path: Packages/com.unity.render-pipelines.core/Runtime/RenderPipelineResources/Mesh/SamplesFloorSpotlight.fbx - Importer: PreviewImporter
Importing 'GUID: 1dbf28c1bb322474d981b2dc555e28b0 - Path: Packages/com.unity.render-pipelines.core/Runtime/RenderPipelineResources/Mesh/SamplesFloorSpotlight.fbx - Importer: PreviewImporter' with importer (PreviewImporter)
Imported 'GUID: 1dbf28c1bb322474d981b2dc555e28b0' -> (Import Result ID: '012beef4484d8763f16c640603259c64') in 0.033 seconds [static and dynamic dependencies]. Details - ImportResultOutputID=313d742c4168d2f914de297c5e48c6bc DependenciesID=8e0e9a92e98c40654c4318ca28de0a4f StaticDependenciesID=4c326d7ef1b3a72006fde3e3eea5b073 
Number of updated asset objects reloaded before import = 0
Number of asset objects unloaded after import = 15
========================================================================
Received Import Request.
  Time of request: 2026-07-05T09:29:00.3306401Z
  Time since last request: 0.0001314 seconds.
  importAddress: GUID: 20be25aac4e22ee49a7db76fb3df6de2 - Path: Packages/com.unity.render-pipelines.core/Runtime/Debug/ProbeSamplingDebugMesh.fbx - Importer: PreviewImporter
Importing 'GUID: 20be25aac4e22ee49a7db76fb3df6de2 - Path: Packages/com.unity.render-pipelines.core/Runtime/Debug/ProbeSamplingDebugMesh.fbx - Importer: PreviewImporter' with importer (PreviewImporter)
Imported 'GUID: 20be25aac4e22ee49a7db76fb3df6de2' -> (Import Result ID: '952d54cabf133a9c64ea823ee7bdbc8c') in 0.023 seconds [static and dynamic dependencies]. Details - ImportResultOutputID=0743f61d5614085c2da190cca1c68644 DependenciesID=aae72a769b6a036e791a1ad010571162 StaticDependenciesID=97aaa9a1da911f66cdb98dd4a799027c 
Number of updated asset objects reloaded before import = 0
Number of asset objects unloaded after import = 6
========================================================================
Received Import Request.
  Time of request: 2026-07-05T09:29:00.3662893Z
  Time since last request: 0.0002995 seconds.
  importAddress: GUID: 86ae7de409eb54f619fb1328e4d42480 - Path: Packages/com.unity.2d.spriteshape/Editor/ObjectMenuCreation/DefaultAssets/Sprite Shapes/Open Sprite Shape.prefab - Importer: PreviewImporter
Importing 'GUID: 86ae7de409eb54f619fb1328e4d42480 - Path: Packages/com.unity.2d.spriteshape/Editor/ObjectMenuCreation/DefaultAssets/Sprite Shapes/Open Sprite Shape.prefab - Importer: PreviewImporter' with importer (PreviewImporter)
Imported 'GUID: 86ae7de409eb54f619fb1328e4d42480' -> (Import Result ID: '19454b4773c70f04d3ac61dfddcbfca0') in 0.009 seconds [static and dynamic dependencies]. Details - ImportResultOutputID=f48bf095bcb011558116ae48fef141ed DependenciesID=d4ed4bb49c654cdae69ba3584e56343c StaticDependenciesID=faf58de7bf702b9ec215193f7d220d37 
Number of updated asset objects reloaded before import = 0
Number of asset objects unloaded after import = 14
========================================================================
Received Prepare
AcceleratorClientConnectionCallback - disconnected - :0
Refreshing native plugins compatible for Editor in 2.69 ms, found 5 plugins.
Unloading 22 Unused Serialized files (Serialized files now loaded: 0)
Unloading 22 unused Assets / (2.6 MB). Loaded Objects now: 8180.
Memory consumption went from 336.3 MB to 333.7 MB.
Total: 8.755000 ms (FindLiveObjects: 0.426200 ms CreateObjectMapping: 1.233200 ms MarkObjects: 6.710700 ms  DeleteObjects: 0.383400 ms)

Prepare: number of updated asset objects reloaded= 0
========================================================================
Received Prepare
AcceleratorClientConnectionCallback - disconnected - :0
Refreshing native plugins compatible for Editor in 2.08 ms, found 5 plugins.
Unloading 22 Unused Serialized files (Serialized files now loaded: 0)
Unloading 22 unused Assets / (2.6 MB). Loaded Objects now: 8180.
Memory consumption went from 338.2 MB to 335.6 MB.
Total: 7.887100 ms (FindLiveObjects: 0.459700 ms CreateObjectMapping: 1.027700 ms MarkObjects: 6.060200 ms  DeleteObjects: 0.338700 ms)

Prepare: number of updated asset objects reloaded= 0
========================================================================
Received Prepare
AcceleratorClientConnectionCallback - disconnected - :0
Refreshing native plugins compatible for Editor in 2.17 ms, found 5 plugins.
Unloading 22 Unused Serialized files (Serialized files now loaded: 0)
Unloading 22 unused Assets / (2.6 MB). Loaded Objects now: 8180.
Memory consumption went from 340.1 MB to 337.5 MB.
Total: 8.614700 ms (FindLiveObjects: 0.407000 ms CreateObjectMapping: 1.161600 ms MarkObjects: 6.482000 ms  DeleteObjects: 0.562600 ms)

Prepare: number of updated asset objects reloaded= 0
========================================================================
Received Prepare
AcceleratorClientConnectionCallback - disconnected - :0
[Licensing::Client] Successfully resolved entitlement details
Begin MonoManager ReloadAssembly
Refreshing native plugins compatible for Editor in 2.05 ms, found 5 plugins.
Native extension for WindowsStandalone target not found
Native extension for WebGL target not found
[Package Manager] Failed to launch server process. Reason: Unity was launched with the -noUpm command-line argument
[Package Manager] Unable to send message (not connected to server process).
[Package Manager] Cannot connect to Unity Package Manager local server
[Package Manager] Failed to launch server process. Reason: Unity was launched with the -noUpm command-line argument
[Package Manager] Unable to send message (not connected to server process).
[Package Manager] Cannot connect to Unity Package Manager local server
ScheduleIndexationOnStartup MainProcess:False IndexOnStartup:True
Mono: successfully reloaded assembly
- Finished resetting the current domain, in  0.731 seconds
Domain Reload Profiling: 3266ms
	BeginReloadAssembly (413ms)
		DisableScriptedObjects (26ms)
		CreateAndSetChildDomain (49ms)
	RebuildCommonClasses (8ms)
	RebuildNativeTypeToScriptingClass (95ms)
	initialDomainReloadingComplete (62ms)
	LoadAllAssembliesAndSetupDomain (1956ms)
		LoadAssemblies (1834ms)
		AnalyzeDomain (271ms)
			TypeCache.Refresh (11ms)
			BuildScriptInfoCaches (249ms)
			ResolveRequiredComponents (8ms)
	FinalizeReload (733ms)
		SetupLoadedEditorAssemblies (0ms)
			InitializePlatformSupportModulesInManaged (3ms)
			BeforeProcessingInitializeOnLoad (96ms)
			ProcessInitializeOnLoadAttributes (278ms)
			ProcessInitializeOnLoadMethodAttributes (129ms)
			AfterProcessingInitializeOnLoad (6ms)
		AwakeInstancesAfterBackupRestoration (19ms)
Unloading 22 Unused Serialized files (Serialized files now loaded: 0)
Unloading 7157 unused Assets / (6.5 MB). Loaded Objects now: 8110.
Memory consumption went from 347.0 MB to 340.5 MB.
Total: 12.907000 ms (FindLiveObjects: 0.670600 ms CreateObjectMapping: 3.266600 ms MarkObjects: 4.905100 ms  DeleteObjects: 4.063400 ms)

Prepare: number of updated asset objects reloaded= 0
========================================================================
Received Import Request.
  Time of request: 2026-07-05T10:09:01.1490372Z
  Time since last request: 2400.76357479999979 seconds.
  importAddress: GUID: ceb35288ac262e7419343ab9a0e57157 - Path: Assets/pipecreate.cs - Importer: PreviewImporter
Importing 'GUID: ceb35288ac262e7419343ab9a0e57157 - Path: Assets/pipecreate.cs - Importer: PreviewImporter' with importer (PreviewImporter)
Imported 'GUID: ceb35288ac262e7419343ab9a0e57157' -> (Import Result ID: '1b5d6f26021f4e20c4fccf85506e1899') in 0.002 seconds [static and dynamic dependencies]. Details - ImportResultOutputID=6821d845a9685c42d85ee7d2d33879dc DependenciesID=96e87498e3f77be119fd5958ac46d24b StaticDependenciesID=594d0bbf6d764eb5a5d2521a6219666c 
Number of updated asset objects reloaded before import = 0
Number of asset objects unloaded after import = 0
========================================================================
Received Prepare
AcceleratorClientConnectionCallback - disconnected - :0
Refreshing native plugins compatible for Editor in 2.11 ms, found 5 plugins.
Unloading 22 Unused Serialized files (Serialized files now loaded: 0)
Unloading 22 unused Assets / (2.6 MB). Loaded Objects now: 8110.
Memory consumption went from 343.6 MB to 341.0 MB.
Total: 6.700400 ms (FindLiveObjects: 0.375600 ms CreateObjectMapping: 1.019100 ms MarkObjects: 4.975500 ms  DeleteObjects: 0.329400 ms)

Prepare: number of updated asset objects reloaded= 0
========================================================================
Received Import Request.
  Time of request: 2026-07-05T10:14:26.1804398Z
  Time since last request: 325.01964229999999 seconds.
  importAddress: GUID: 25cd6a3c8e9e91c4b854ba94cb9a2784 - Path: Assets/pipeduo.prefab - Importer: PreviewImporter
Importing 'GUID: 25cd6a3c8e9e91c4b854ba94cb9a2784 - Path: Assets/pipeduo.prefab - Importer: PreviewImporter' with importer (PreviewImporter)
Imported 'GUID: 25cd6a3c8e9e91c4b854ba94cb9a2784' -> (Import Result ID: '9d499dbf611e53d202401b32138211da') in 0.371 seconds [static and dynamic dependencies]. Details - ImportResultOutputID=2fe02f012eb4b950bf53de4d729d38a5 DependenciesID=cd21f5e02e003ce2afef4b441179a194 StaticDependenciesID=2e5a93de4320add0a3b5c6a14f9e5a44 
Number of updated asset objects reloaded before import = 0
Number of asset objects unloaded after import = 17
========================================================================
Received Prepare
AcceleratorClientConnectionCallback - disconnected - :0
Unloading 22 Unused Serialized files (Serialized files now loaded: 0)
Unloading 22 unused Assets / (2.6 MB). Loaded Objects now: 8202.
Memory consumption went from 340.0 MB to 337.4 MB.
Total: 6.834900 ms (FindLiveObjects: 0.338100 ms CreateObjectMapping: 1.024100 ms MarkObjects: 5.169300 ms  DeleteObjects: 0.302600 ms)

Prepare: number of updated asset objects reloaded= 0
========================================================================
Received Import Request.
  Time of request: 2026-07-05T10:17:45.925165Z
  Time since last request: 199.3648853 seconds.
  importAddress: GUID: b95bccad01e640e47b1548557b81583d - Path: Assets/pipegen.prefab - Importer: PreviewImporter
Importing 'GUID: b95bccad01e640e47b1548557b81583d - Path: Assets/pipegen.prefab - Importer: PreviewImporter' with importer (PreviewImporter)
Imported 'GUID: b95bccad01e640e47b1548557b81583d' -> (Import Result ID: '984d2d7439ebfe7c42abd7db8b477ea9') in 0.003 seconds [static and dynamic dependencies]. Details - ImportResultOutputID=c703781b5628ef6c1a32f2309a7ad4d4 DependenciesID=694c23e6451d8d81fa644e115b66c3ee StaticDependenciesID=1856b6afe143574f498c08667e11e2fe 
Number of updated asset objects reloaded before import = 0
Number of asset objects unloaded after import = 5
========================================================================
Received Import Request.
  Time of request: 2026-07-05T10:26:45.3350894Z
  Time since last request: 539.39779950000002 seconds.
  importAddress: GUID: 2bcd2660ca9b64942af0de543d8d7100 - Path: Assets/Settings/InputSystem_Actions.inputactions - Importer: PreviewImporter
Importing 'GUID: 2bcd2660ca9b64942af0de543d8d7100 - Path: Assets/Settings/InputSystem_Actions.inputactions - Importer: PreviewImporter' with importer (PreviewImporter)
Imported 'GUID: 2bcd2660ca9b64942af0de543d8d7100' -> (Import Result ID: 'e5f1a999ba8b0ac306078eea0d17f302') in 0.007 seconds [static and dynamic dependencies]. Details - ImportResultOutputID=fbcb8ab420bbc1c44e477cac3c5525a4 DependenciesID=338d66809ab8b13f8e9d89746f3929c8 StaticDependenciesID=0350af38f881f8c06eaa693d2dba5813 
Number of updated asset objects reloaded before import = 0
Number of asset objects unloaded after import = 19
========================================================================
Received Import Request.
  Time of request: 2026-07-05T10:26:45.3600663Z
  Time since last request: 0.0080266 seconds.
  importAddress: GUID: 424799608f7334c24bf367e4bbfa7f9a - Path: Assets/Settings/Renderer2D.asset - Importer: PreviewImporter
Importing 'GUID: 424799608f7334c24bf367e4bbfa7f9a - Path: Assets/Settings/Renderer2D.asset - Importer: PreviewImporter' with importer (PreviewImporter)
Imported 'GUID: 424799608f7334c24bf367e4bbfa7f9a' -> (Import Result ID: 'fe34666ad6b7db4974e8a8f8ff9a2474') in 0.001 seconds [static and dynamic dependencies]. Details - ImportResultOutputID=a354d78425d3563a9dd3d3baba4d78f5 DependenciesID=839c45690c9b95b801473d6b5ff6a2d5 StaticDependenciesID=84e5314c6a403450097c16da63dec1d9 
Number of updated asset objects reloaded before import = 0
Number of asset objects unloaded after import = 0
========================================================================
Received Import Request.
  Time of request: 2026-07-05T10:26:45.3707392Z
  Time since last request: 0.0002844 seconds.
  importAddress: GUID: 93b439a37f63240aca3dd4e01d978a9f - Path: Assets/Settings/UniversalRenderPipelineGlobalSettings.asset - Importer: PreviewImporter
Importing 'GUID: 93b439a37f63240aca3dd4e01d978a9f - Path: Assets/Settings/UniversalRenderPipelineGlobalSettings.asset - Importer: PreviewImporter' with importer (PreviewImporter)
Imported 'GUID: 93b439a37f63240aca3dd4e01d978a9f' -> (Import Result ID: '826a200fc19caf7bd1f6bca6d8b89656') in 0.001 seconds [static and dynamic dependencies]. Details - ImportResultOutputID=c17a5a6e8c9e5f62e33c6f7a5b809acd DependenciesID=2b0c66235592975915186989c90dbf7d StaticDependenciesID=31ad3eea4885d270f6516e85ea3c435d 
Number of updated asset objects reloaded before import = 0
Number of asset objects unloaded after import = 0
========================================================================
Received Import Request.
  Time of request: 2026-07-05T10:26:45.3832901Z
  Time since last request: 0.0004211 seconds.
  importAddress: GUID: 681886c5eb7344803b6206f758bf0b1c - Path: Assets/Settings/UniversalRP.asset - Importer: PreviewImporter
Importing 'GUID: 681886c5eb7344803b6206f758bf0b1c - Path: Assets/Settings/UniversalRP.asset - Importer: PreviewImporter' with importer (PreviewImporter)
Imported 'GUID: 681886c5eb7344803b6206f758bf0b1c' -> (Import Result ID: 'b8ab579c67f6e00cb4dbde9dcaaa5f3d') in 0.001 seconds [static and dynamic dependencies]. Details - ImportResultOutputID=856a9cfd71ed7641d2f9249e6efc662a DependenciesID=6945171f991357aa58ce9b0c253db6f5 StaticDependenciesID=b417d124c192f3baf92516a6b0c87e08 
Number of updated asset objects reloaded before import = 0
Number of asset objects unloaded after import = 0
========================================================================
Received Import Request.
  Time of request: 2026-07-05T10:33:36.0691528Z
  Time since last request: 410.67520280000002 seconds.
  importAddress: GUID: 39144937a5efe954dac51acbbe54157e - Path: Packages/com.unity.shadergraph/GraphTemplates/Cross Pipeline/0_Decal Simple.shadergraph - Importer: PreviewImporter
Importing 'GUID: 39144937a5efe954dac51acbbe54157e - Path: Packages/com.unity.shadergraph/GraphTemplates/Cross Pipeline/0_Decal Simple.shadergraph - Importer: PreviewImporter' with importer (PreviewImporter)
Imported 'GUID: 39144937a5efe954dac51acbbe54157e' -> (Import Result ID: 'd11334d0bce74d16236ebd70e819eea6') in 0.024 seconds [static and dynamic dependencies]. Details - ImportResultOutputID=fcb5eb1c635765ab92637f9f0fba8903 DependenciesID=a60c9660c2bdf44c8f6c70bcb8b634a3 StaticDependenciesID=9b62da5e7a2cc02db8834eab42e2df82 
Number of updated asset objects reloaded before import = 0
Number of asset objects unloaded after import = 2
========================================================================
Received Import Request.
  Time of request: 2026-07-05T10:33:36.1029386Z
  Time since last request: 0.0001543 seconds.
  importAddress: GUID: b2ea3b3f1765e544b9eb5bd1a93a91ce - Path: Packages/com.unity.searcher/Editor/Resources/FlatSkin/Font/Roboto-ThinItalic.ttf - Importer: PreviewImporter
Importing 'GUID: b2ea3b3f1765e544b9eb5bd1a93a91ce - Path: Packages/com.unity.searcher/Editor/Resources/FlatSkin/Font/Roboto-ThinItalic.ttf - Importer: PreviewImporter' with importer (PreviewImporter)
Imported 'GUID: b2ea3b3f1765e544b9eb5bd1a93a91ce' -> (Import Result ID: 'cd2c4b04e31efb8fbf2c401f60169fe7') in 0.044 seconds [static and dynamic dependencies]. Details - ImportResultOutputID=22cac67e4b13489eb351f59da76a1027 DependenciesID=520a20d52a297039b63f56195a4d51bf StaticDependenciesID=c63598a3325d529d0ae072d7e0f19f61 
Number of updated asset objects reloaded before import = 0
Number of asset objects unloaded after import = 4
========================================================================
Received Import Request.
  Time of request: 2026-07-05T10:33:36.1595551Z
  Time since last request: 0.0000376 seconds.
  importAddress: GUID: 80aa867ac363ac043847b06ad71604cd - Path: Packages/com.unity.render-pipelines.universal/Shaders/AutodeskInteractive/AutodeskInteractiveMasked.shadergraph - Importer: PreviewImporter
Importing 'GUID: 80aa867ac363ac043847b06ad71604cd - Path: Packages/com.unity.render-pipelines.universal/Shaders/AutodeskInteractive/AutodeskInteractiveMasked.shadergraph - Importer: PreviewImporter' with importer (PreviewImporter)
Imported 'GUID: 80aa867ac363ac043847b06ad71604cd' -> (Import Result ID: '679625e94ae0cd3f27f0972e96ba570f') in 0.834 seconds [static and dynamic dependencies]. Details - ImportResultOutputID=08ecda3e394c629e5f41d2a337bb31d2 DependenciesID=0fb5374977d2061516b125d7c5b73f91 StaticDependenciesID=cdca3edd865a61ec371457a0aadea0f2 
Number of updated asset objects reloaded before import = 0
Number of asset objects unloaded after import = 5
========================================================================
Received Import Request.
  Time of request: 2026-07-05T10:33:37.0060525Z
  Time since last request: 0.0003631 seconds.
  importAddress: GUID: bc6da4580f5514e458fe5def87e138be - Path: Packages/com.unity.2d.psdimporter/Editor/Assets/root-green.mat - Importer: PreviewImporter
Importing 'GUID: bc6da4580f5514e458fe5def87e138be - Path: Packages/com.unity.2d.psdimporter/Editor/Assets/root-green.mat - Importer: PreviewImporter' with importer (PreviewImporter)
Imported 'GUID: bc6da4580f5514e458fe5def87e138be' -> (Import Result ID: 'ef8942d41adcfa7649a7e00349b68af9') in 0.040 seconds [static and dynamic dependencies]. Details - ImportResultOutputID=4f1ef892eada71547393f8fd7e0e2f5b DependenciesID=3fe3eda7512428c706b8ecc894a7707e StaticDependenciesID=46544ba27acd4d424b8c5c8448393a88 
Number of updated asset objects reloaded before import = 0
Number of asset objects unloaded after import = 1
========================================================================
Received Import Request.
  Time of request: 2026-07-05T10:33:37.0591856Z
  Time since last request: 0.0007691 seconds.
  importAddress: GUID: def488a52add6574d9f295a507032cb8 - Path: Packages/com.unity.shadergraph/GraphTemplates/Cross Pipeline/Terrain Simple.shadergraph - Importer: PreviewImporter
Importing 'GUID: def488a52add6574d9f295a507032cb8 - Path: Packages/com.unity.shadergraph/GraphTemplates/Cross Pipeline/Terrain Simple.shadergraph - Importer: PreviewImporter' with importer (PreviewImporter)
Imported 'GUID: def488a52add6574d9f295a507032cb8' -> (Import Result ID: '466b67b13226506a26f1896027edcbac') in 0.009 seconds [static and dynamic dependencies]. Details - ImportResultOutputID=563ea015fe7a08a49ed49263ea0653ff DependenciesID=fdb4dc6e86bddaffb01150ae2ee3ed03 StaticDependenciesID=612fc20ab30de98c0b3db01217eb922b 
Number of updated asset objects reloaded before import = 0
Number of asset objects unloaded after import = 4
========================================================================
Received Import Request.
  Time of request: 2026-07-05T10:33:37.0785425Z
  Time since last request: 0.0000231 seconds.
  importAddress: GUID: aee84ce0dab81b049bb88017d78a63cd - Path: Packages/com.unity.shadergraph/GraphTemplates/Cross Pipeline/1_Lit Full.shadergraph - Importer: PreviewImporter
Importing 'GUID: aee84ce0dab81b049bb88017d78a63cd - Path: Packages/com.unity.shadergraph/GraphTemplates/Cross Pipeline/1_Lit Full.shadergraph - Importer: PreviewImporter' with importer (PreviewImporter)
Imported 'GUID: aee84ce0dab81b049bb88017d78a63cd' -> (Import Result ID: 'c47ad900fdedf06cc9587fc04caeeee5') in 0.334 seconds [static and dynamic dependencies]. Details - ImportResultOutputID=3e1f63b2d70375ba16786087fe86b3b1 DependenciesID=6ce9512d5ebd0f4d6a784b106bbdece2 StaticDependenciesID=ee86aa9a99b19befb4e9adb6842023c6 
Number of updated asset objects reloaded before import = 0
Number of asset objects unloaded after import = 7
========================================================================
Received Import Request.
  Time of request: 2026-07-05T10:33:37.4225104Z
  Time since last request: 0.0000587 seconds.
  importAddress: GUID: b34b07a45ba63ce47896c9e674f3a7a7 - Path: Packages/com.unity.render-pipelines.universal/Editor/SceneTemplates/Materials/Metal_Black.mat - Importer: PreviewImporter
Importing 'GUID: b34b07a45ba63ce47896c9e674f3a7a7 - Path: Packages/com.unity.render-pipelines.universal/Editor/SceneTemplates/Materials/Metal_Black.mat - Importer: PreviewImporter' with importer (PreviewImporter)
Imported 'GUID: b34b07a45ba63ce47896c9e674f3a7a7' -> (Import Result ID: '0dfa0fbe01ef2c465129164de209b504') in 0.040 seconds [static and dynamic dependencies]. Details - ImportResultOutputID=e012401caad14825818917b1d096b202 DependenciesID=ea8890354af8a02977028af273e06e37 StaticDependenciesID=52b22b9e974a300ce0e692f9a48cecca 
Number of updated asset objects reloaded before import = 0
Number of asset objects unloaded after import = 2
========================================================================
Received Import Request.
  Time of request: 2026-07-05T10:33:37.4750075Z
  Time since last request: 0.0002846 seconds.
  importAddress: GUID: dfb97a9307a577a41bcacba34b9a7e32 - Path: Packages/com.unity.searcher/Editor/Resources/FlatSkin/Font/Roboto-BoldItalic.ttf - Importer: PreviewImporter
Importing 'GUID: dfb97a9307a577a41bcacba34b9a7e32 - Path: Packages/com.unity.searcher/Editor/Resources/FlatSkin/Font/Roboto-BoldItalic.ttf - Importer: PreviewImporter' with importer (PreviewImporter)
Imported 'GUID: dfb97a9307a577a41bcacba34b9a7e32' -> (Import Result ID: '2cfb19dd1815adb191b64eac63b72260') in 0.022 seconds [static and dynamic dependencies]. Details - ImportResultOutputID=ff49d515a844112110d08707745ac386 DependenciesID=f206f5037d5c5ab7bb1cdcdf0e110d22 StaticDependenciesID=6d64ce0e85dc5f6bce7e88e0ab96aade 
Number of updated asset objects reloaded before import = 0
Number of asset objects unloaded after import = 4
========================================================================
Received Import Request.
  Time of request: 2026-07-05T10:33:37.5085145Z
  Time since last request: 0.0002771 seconds.
  importAddress: GUID: 9920c1f1781549a46ba081a2a15a16ec - Path: Packages/com.unity.render-pipelines.universal/Shaders/Nature/SpeedTree8_PBRLit.shadergraph - Importer: PreviewImporter
Importing 'GUID: 9920c1f1781549a46ba081a2a15a16ec - Path: Packages/com.unity.render-pipelines.universal/Shaders/Nature/SpeedTree8_PBRLit.shadergraph - Importer: PreviewImporter' with importer (PreviewImporter)
Imported 'GUID: 9920c1f1781549a46ba081a2a15a16ec' -> (Import Result ID: '3ed8d02546f51e39cbfcbf4bc9f1a83b') in 0.654 seconds [static and dynamic dependencies]. Details - ImportResultOutputID=a3da14122224a2d5d509d2b3bf506bcb DependenciesID=3a0525188246dcd1d9e66825ca67e8a2 StaticDependenciesID=a3f90ec4eaa5b872f9a691263372ab49 
Number of updated asset objects reloaded before import = 0
Number of asset objects unloaded after import = 11
========================================================================
Received Import Request.
  Time of request: 2026-07-05T10:33:38.1723847Z
  Time since last request: 0.000289 seconds.
  importAddress: GUID: 30dc370b164eefc43b95744fc796dad0 - Path: Packages/com.unity.searcher/Editor/Resources/FlatSkin/Font/Roboto-Regular.ttf - Importer: PreviewImporter
Importing 'GUID: 30dc370b164eefc43b95744fc796dad0 - Path: Packages/com.unity.searcher/Editor/Resources/FlatSkin/Font/Roboto-Regular.ttf - Importer: PreviewImporter' with importer (PreviewImporter)
Imported 'GUID: 30dc370b164eefc43b95744fc796dad0' -> (Import Result ID: '6c22e24f02912c0d2ac22e2a918377f9') in 0.028 seconds [static and dynamic dependencies]. Details - ImportResultOutputID=7cf5bc0d56b3b65e4555cce8c5dc5209 DependenciesID=afd1a2ec8defb79b5d4209f61e3dc06d StaticDependenciesID=4c89d782347a2d33708bedf6e84f3ffb 
Number of updated asset objects reloaded before import = 0
Number of asset objects unloaded after import = 4
========================================================================
Received Import Request.
  Time of request: 2026-07-05T10:33:38.2143767Z
  Time since last request: 0.0003261 seconds.
  importAddress: GUID: a2407126e3372f64cacb75ed466a5621 - Path: Packages/com.unity.shadergraph/GraphTemplates/Cross Pipeline/0_Lit Basic.shadergraph - Importer: PreviewImporter
Importing 'GUID: a2407126e3372f64cacb75ed466a5621 - Path: Packages/com.unity.shadergraph/GraphTemplates/Cross Pipeline/0_Lit Basic.shadergraph - Importer: PreviewImporter' with importer (PreviewImporter)
Imported 'GUID: a2407126e3372f64cacb75ed466a5621' -> (Import Result ID: 'f5180f40c4d904cda389263ef0016ddd') in 0.337 seconds [static and dynamic dependencies]. Details - ImportResultOutputID=f4089cf3c5ae080a4bea4769bf8fbf2e DependenciesID=5bfebe5fdde3d38367b63986cd9d76c9 StaticDependenciesID=9e56a2626c22c6455a3ba3a2b43bee3e 
Number of updated asset objects reloaded before import = 0
Number of asset objects unloaded after import = 8
========================================================================
Received Import Request.
  Time of request: 2026-07-05T10:33:38.5627877Z
  Time since last request: 0.0000242 seconds.
  importAddress: GUID: 2a29e27936eb547458f646f71125b264 - Path: Packages/com.unity.searcher/Editor/Resources/FlatSkin/Font/Roboto-Light.ttf - Importer: PreviewImporter
Importing 'GUID: 2a29e27936eb547458f646f71125b264 - Path: Packages/com.unity.searcher/Editor/Resources/FlatSkin/Font/Roboto-Light.ttf - Importer: PreviewImporter' with importer (PreviewImporter)
Imported 'GUID: 2a29e27936eb547458f646f71125b264' -> (Import Result ID: '1d2799b4f7f0d897638f5c710c08eb87') in 0.045 seconds [static and dynamic dependencies]. Details - ImportResultOutputID=9a9ab3fcb97b0e92f95a192ed5aacd85 DependenciesID=472b7dd3d46d93baef6fcbfafae7facf StaticDependenciesID=587bc2bf6db024546a34098e794db9e3 
Number of updated asset objects reloaded before import = 0
Number of asset objects unloaded after import = 4
========================================================================
Received Import Request.
  Time of request: 2026-07-05T10:33:38.619958Z
  Time since last request: 0.0004302 seconds.
  importAddress: GUID: bfad0aba0faa90547b68abd10bb6be86 - Path: Packages/com.unity.render-pipelines.universal/Editor/ShaderGraph/GraphTemplates/2D/2_2D Sprite Custom Lit.shadergraph - Importer: PreviewImporter
Importing 'GUID: bfad0aba0faa90547b68abd10bb6be86 - Path: Packages/com.unity.render-pipelines.universal/Editor/ShaderGraph/GraphTemplates/2D/2_2D Sprite Custom Lit.shadergraph - Importer: PreviewImporter' with importer (PreviewImporter)
Imported 'GUID: bfad0aba0faa90547b68abd10bb6be86' -> (Import Result ID: '735dac991ccfa8c881cc412b0846da93') in 0.204 seconds [static and dynamic dependencies]. Details - ImportResultOutputID=e6c8e50d0270912ebd74bfe783c07fc6 DependenciesID=61a79ae67be897d4da20b5617372499d StaticDependenciesID=d4d02079b478f9a24a2b5593a80c4518 
Number of updated asset objects reloaded before import = 0
Number of asset objects unloaded after import = 2
========================================================================
Received Import Request.
  Time of request: 2026-07-05T10:33:38.8339216Z
  Time since last request: 0.0001825 seconds.
  importAddress: GUID: 4459fff084dd84526ab8fd5082d2eacb - Path: Packages/com.unity.2d.psdimporter/Editor/Assets/root-red.mat - Importer: PreviewImporter
Importing 'GUID: 4459fff084dd84526ab8fd5082d2eacb - Path: Packages/com.unity.2d.psdimporter/Editor/Assets/root-red.mat - Importer: PreviewImporter' with importer (PreviewImporter)
Imported 'GUID: 4459fff084dd84526ab8fd5082d2eacb' -> (Import Result ID: 'f807f7372a920f193af5eeed02ea6184') in 0.031 seconds [static and dynamic dependencies]. Details - ImportResultOutputID=b906890a9c667eff693f96d638e0cabc DependenciesID=63153d2bc28b1c6407281e78d8069943 StaticDependenciesID=6579ecb1fbde050ae000c0f050db2075 
Number of updated asset objects reloaded before import = 0
Number of asset objects unloaded after import = 1
========================================================================
Received Import Request.
  Time of request: 2026-07-05T10:33:38.8768093Z
  Time since last request: 0.0003343 seconds.
  importAddress: GUID: fb6390f650ca44a5ba3246d8dda47927 - Path: Packages/com.unity.render-pipelines.universal/Shaders/FullscreenInvertColors.shadergraph - Importer: PreviewImporter
Importing 'GUID: fb6390f650ca44a5ba3246d8dda47927 - Path: Packages/com.unity.render-pipelines.universal/Shaders/FullscreenInvertColors.shadergraph - Importer: PreviewImporter' with importer (PreviewImporter)
Imported 'GUID: fb6390f650ca44a5ba3246d8dda47927' -> (Import Result ID: '80f1863f6147b38c83912769193ee7a5') in 0.079 seconds [static and dynamic dependencies]. Details - ImportResultOutputID=47025a0e1f444271b2a8fc31ab0db129 DependenciesID=7e43b58e41df4bd8556f37d0ef13d253 StaticDependenciesID=3bf0e2d693b9ef08b228373f77c5a6ed 
Number of updated asset objects reloaded before import = 0
Number of asset objects unloaded after import = 2
========================================================================
Received Import Request.
  Time of request: 2026-07-05T10:33:38.9674248Z
  Time since last request: 0.0002567 seconds.
  importAddress: GUID: f95147a9bab9fe649b8070170fa7ebd2 - Path: Packages/com.unity.searcher/Editor/Resources/FlatSkin/Font/Roboto-BlackItalic.ttf - Importer: PreviewImporter
Importing 'GUID: f95147a9bab9fe649b8070170fa7ebd2 - Path: Packages/com.unity.searcher/Editor/Resources/FlatSkin/Font/Roboto-BlackItalic.ttf - Importer: PreviewImporter' with importer (PreviewImporter)
Imported 'GUID: f95147a9bab9fe649b8070170fa7ebd2' -> (Import Result ID: '27035aa5beaa7034ae7eb81d17a56d01') in 0.022 seconds [static and dynamic dependencies]. Details - ImportResultOutputID=fcf4615c4dca2223b4698228046c448a DependenciesID=da0a443b8ce6e1ace944ba9824c4e256 StaticDependenciesID=d698c24381b32d73d40e770aaeca804a 
Number of updated asset objects reloaded before import = 0
Number of asset objects unloaded after import = 4
========================================================================
Received Import Request.
  Time of request: 2026-07-05T10:33:39.0010761Z
  Time since last request: 0.0002265 seconds.
  importAddress: GUID: 2019d78ad3d1c5c4a8d309a857ca449f - Path: Packages/com.unity.shadergraph/GraphTemplates/BuiltIn/BuiltIn Lit Basic.shadergraph - Importer: PreviewImporter
Importing 'GUID: 2019d78ad3d1c5c4a8d309a857ca449f - Path: Packages/com.unity.shadergraph/GraphTemplates/BuiltIn/BuiltIn Lit Basic.shadergraph - Importer: PreviewImporter' with importer (PreviewImporter)
Imported 'GUID: 2019d78ad3d1c5c4a8d309a857ca449f' -> (Import Result ID: '9f06f98bdb1696d521cf025e02522162') in 0.039 seconds [static and dynamic dependencies]. Details - ImportResultOutputID=e1c0e1c36cdebfde0558c2e1ee9089a7 DependenciesID=eb39f342ea5c53e2b14415c122bb4500 StaticDependenciesID=990b46fd97bcbd40ccf278cd46cd58c1 
Number of updated asset objects reloaded before import = 0
Number of asset objects unloaded after import = 3
========================================================================
Received Import Request.
  Time of request: 2026-07-05T10:33:39.051515Z
  Time since last request: 0.000027 seconds.
  importAddress: GUID: df41eefe8c13d444ca890dddbbc61f8d - Path: Packages/com.unity.render-pipelines.universal/Editor/ShaderGraph/GraphTemplates/Fullscreen Basic URP.shadergraph - Importer: PreviewImporter
Importing 'GUID: df41eefe8c13d444ca890dddbbc61f8d - Path: Packages/com.unity.render-pipelines.universal/Editor/ShaderGraph/GraphTemplates/Fullscreen Basic URP.shadergraph - Importer: PreviewImporter' with importer (PreviewImporter)
Imported 'GUID: df41eefe8c13d444ca890dddbbc61f8d' -> (Import Result ID: '6efdb737302d1c78de5fdb2dc9ded5b4') in 0.200 seconds [static and dynamic dependencies]. Details - ImportResultOutputID=72ea03a40cfaf026eb50551bf87e76cf DependenciesID=e95214951c3105779e7783ebbd23db6a StaticDependenciesID=bb7edb2b47c4cbfb20905fb7b54642f3 
Number of updated asset objects reloaded before import = 0
Number of asset objects unloaded after import = 2
========================================================================
Received Import Request.
  Time of request: 2026-07-05T10:33:39.2637419Z
  Time since last request: 0.0001495 seconds.
  importAddress: GUID: 44245ab89240f51459a5077d7145c452 - Path: Packages/com.unity.render-pipelines.universal/Runtime/Materials/PhysicalMaterial3DsMax/PhysicalMaterial3DsMax.shadergraph - Importer: PreviewImporter
Importing 'GUID: 44245ab89240f51459a5077d7145c452 - Path: Packages/com.unity.render-pipelines.universal/Runtime/Materials/PhysicalMaterial3DsMax/PhysicalMaterial3DsMax.shadergraph - Importer: PreviewImporter' with importer (PreviewImporter)
Imported 'GUID: 44245ab89240f51459a5077d7145c452' -> (Import Result ID: '050dffd65f75a25b020d320fb94f1ecd') in 0.304 seconds [static and dynamic dependencies]. Details - ImportResultOutputID=8f582b5231ad3c8e1b0565532b628d84 DependenciesID=1631f71775ff2e784e1df4ab0a3327c3 StaticDependenciesID=7687c40d080059efba39360409a73fa5 
Number of updated asset objects reloaded before import = 0
Number of asset objects unloaded after import = 6
========================================================================
Received Import Request.
  Time of request: 2026-07-05T10:33:39.5785607Z
  Time since last request: 0.0000812 seconds.
  importAddress: GUID: af66091e0eca0c04a9c3584ae867418a - Path: Packages/com.unity.shadergraph/GraphTemplates/Cross Pipeline/0_Particle Unlit.shadergraph - Importer: PreviewImporter
Importing 'GUID: af66091e0eca0c04a9c3584ae867418a - Path: Packages/com.unity.shadergraph/GraphTemplates/Cross Pipeline/0_Particle Unlit.shadergraph - Importer: PreviewImporter' with importer (PreviewImporter)
Imported 'GUID: af66091e0eca0c04a9c3584ae867418a' -> (Import Result ID: '14b959326ec134a7a5da72269e6a0e49') in 0.339 seconds [static and dynamic dependencies]. Details - ImportResultOutputID=9f1470628dc52cbd94aa5822b9fbac4a DependenciesID=748bfa4caccfd1636235ab06580b5599 StaticDependenciesID=1ebba97128b9d934ca68d3c0317426b8 
Number of updated asset objects reloaded before import = 0
Number of asset objects unloaded after import = 8
========================================================================
Received Import Request.
  Time of request: 2026-07-05T10:33:39.9295209Z
  Time since last request: 0.0002693 seconds.
  importAddress: GUID: 9229ae5dbc38f488d921156ff75869e9 - Path: Packages/com.unity.collab-proxy/Editor/Assets/Fonts/Cascadia.ttf - Importer: PreviewImporter
Importing 'GUID: 9229ae5dbc38f488d921156ff75869e9 - Path: Packages/com.unity.collab-proxy/Editor/Assets/Fonts/Cascadia.ttf - Importer: PreviewImporter' with importer (PreviewImporter)
Imported 'GUID: 9229ae5dbc38f488d921156ff75869e9' -> (Import Result ID: '1b83eee0ec75ece316f42ab09dc18cd2') in 0.040 seconds [static and dynamic dependencies]. Details - ImportResultOutputID=df0f449af45b0edfe4c72775e7a0b588 DependenciesID=39d23236172fb7e52920563ea5714b26 StaticDependenciesID=6bb0755fad661c58666b13e059a44c14 
Number of updated asset objects reloaded before import = 0
Number of asset objects unloaded after import = 4
========================================================================
Received Import Request.
  Time of request: 2026-07-05T10:33:39.9835441Z
  Time since last request: 0.0002969 seconds.
  importAddress: GUID: a680d9a9f8b66514abbfd3ae1c8f77f7 - Path: Packages/com.unity.shadergraph/GraphTemplates/Cross Pipeline/2_Particle Lit.shadergraph - Importer: PreviewImporter
Importing 'GUID: a680d9a9f8b66514abbfd3ae1c8f77f7 - Path: Packages/com.unity.shadergraph/GraphTemplates/Cross Pipeline/2_Particle Lit.shadergraph - Importer: PreviewImporter' with importer (PreviewImporter)
Imported 'GUID: a680d9a9f8b66514abbfd3ae1c8f77f7' -> (Import Result ID: 'ed0a59d25781dc73ff188aaa1283933b') in 0.343 seconds [static and dynamic dependencies]. Details - ImportResultOutputID=753b762221afd7e1b06b9571f7083051 DependenciesID=eb72a355ba9c3b023b78a5caaef389c8 StaticDependenciesID=2ca70569857f6fef3aff90288223fb61 
Number of updated asset objects reloaded before import = 0
Number of asset objects unloaded after import = 10
========================================================================
Received Prepare
AcceleratorClientConnectionCallback - disconnected - :0
[Licensing::Client] Successfully resolved entitlement details
Begin MonoManager ReloadAssembly
Native extension for WindowsStandalone target not found
Native extension for WebGL target not found
[Package Manager] Failed to launch server process. Reason: Unity was launched with the -noUpm command-line argument
[Package Manager] Unable to send message (not connected to server process).
[Package Manager] Cannot connect to Unity Package Manager local server
[Package Manager] Failed to launch server process. Reason: Unity was launched with the -noUpm command-line argument
[Package Manager] Unable to send message (not connected to server process).
[Package Manager] Cannot connect to Unity Package Manager local server
ScheduleIndexationOnStartup MainProcess:False IndexOnStartup:True
Mono: successfully reloaded assembly
- Finished resetting the current domain, in  0.751 seconds
Domain Reload Profiling: 1642ms
	BeginReloadAssembly (240ms)
		DisableScriptedObjects (21ms)
		CreateAndSetChildDomain (49ms)
	RebuildCommonClasses (10ms)
	RebuildNativeTypeToScriptingClass (14ms)
	initialDomainReloadingComplete (54ms)
	LoadAllAssembliesAndSetupDomain (571ms)
		LoadAssemblies (342ms)
		AnalyzeDomain (206ms)
			TypeCache.Refresh (14ms)
			BuildScriptInfoCaches (183ms)
			ResolveRequiredComponents (7ms)
	FinalizeReload (753ms)
		SetupLoadedEditorAssemblies (0ms)
			BeforeProcessingInitializeOnLoad (93ms)
			ProcessInitializeOnLoadAttributes (286ms)
			ProcessInitializeOnLoadMethodAttributes (138ms)
			AfterProcessingInitializeOnLoad (6ms)
		AwakeInstancesAfterBackupRestoration (20ms)
Refreshing native plugins compatible for Editor in 2.41 ms, found 5 plugins.
Unloading 22 Unused Serialized files (Serialized files now loaded: 0)
Unloading 7157 unused Assets / (5.9 MB). Loaded Objects now: 8138.
Memory consumption went from 346.5 MB to 340.6 MB.
Total: 12.599100 ms (FindLiveObjects: 0.923600 ms CreateObjectMapping: 3.404900 ms MarkObjects: 4.638000 ms  DeleteObjects: 3.631200 ms)

Prepare: number of updated asset objects reloaded= 0
========================================================================
Received Import Request.
  Time of request: 2026-07-05T10:35:41.0950661Z
  Time since last request: 120.7574594 seconds.
  importAddress: GUID: 25cd6a3c8e9e91c4b854ba94cb9a2784 - Path: Assets/pipeduo.prefab - Importer: PreviewImporter
Importing 'GUID: 25cd6a3c8e9e91c4b854ba94cb9a2784 - Path: Assets/pipeduo.prefab - Importer: PreviewImporter' with importer (PreviewImporter)
Imported 'GUID: 25cd6a3c8e9e91c4b854ba94cb9a2784' -> (Import Result ID: '391e4f96729c99c555e74a8ed3dcbf88') in 0.319 seconds [static and dynamic dependencies]. Details - ImportResultOutputID=2fe02f012eb4b950bf53de4d729d38a5 DependenciesID=5cfc9a32a87572dd33bdca00f586ffff StaticDependenciesID=2e5a93de4320add0a3b5c6a14f9e5a44 
Number of updated asset objects reloaded before import = 0
Number of asset objects unloaded after import = 17
========================================================================
Received Prepare
AcceleratorClientConnectionCallback - disconnected - :0
[Licensing::Client] Successfully resolved entitlement details
Begin MonoManager ReloadAssembly
Refreshing native plugins compatible for Editor in 2.23 ms, found 5 plugins.
Native extension for WindowsStandalone target not found
Native extension for WebGL target not found
[Package Manager] Failed to launch server process. Reason: Unity was launched with the -noUpm command-line argument
[Package Manager] Unable to send message (not connected to server process).
[Package Manager] Cannot connect to Unity Package Manager local server
[Package Manager] Failed to launch server process. Reason: Unity was launched with the -noUpm command-line argument
[Package Manager] Unable to send message (not connected to server process).
[Package Manager] Cannot connect to Unity Package Manager local server
ScheduleIndexationOnStartup MainProcess:False IndexOnStartup:True
Mono: successfully reloaded assembly
- Finished resetting the current domain, in  0.791 seconds
Domain Reload Profiling: 1651ms
	BeginReloadAssembly (227ms)
		DisableScriptedObjects (27ms)
		CreateAndSetChildDomain (51ms)
	RebuildCommonClasses (7ms)
	RebuildNativeTypeToScriptingClass (14ms)
	initialDomainReloadingComplete (57ms)
	LoadAllAssembliesAndSetupDomain (553ms)
		LoadAssemblies (320ms)
		AnalyzeDomain (200ms)
			TypeCache.Refresh (11ms)
			BuildScriptInfoCaches (180ms)
			ResolveRequiredComponents (7ms)
	FinalizeReload (793ms)
		SetupLoadedEditorAssemblies (0ms)
			InitializePlatformSupportModulesInManaged (3ms)
			BeforeProcessingInitializeOnLoad (98ms)
			ProcessInitializeOnLoadAttributes (292ms)
			ProcessInitializeOnLoadMethodAttributes (151ms)
			AfterProcessingInitializeOnLoad (7ms)
		AwakeInstancesAfterBackupRestoration (21ms)
Refreshing native plugins compatible for Editor in 2.92 ms, found 5 plugins.
Unloading 22 Unused Serialized files (Serialized files now loaded: 0)
Unloading 7157 unused Assets / (6.4 MB). Loaded Objects now: 8169.
Memory consumption went from 352.1 MB to 345.6 MB.
Total: 12.690100 ms (FindLiveObjects: 0.974100 ms CreateObjectMapping: 2.791900 ms MarkObjects: 5.037300 ms  DeleteObjects: 3.885500 ms)

Prepare: number of updated asset objects reloaded= 0
========================================================================
Received Prepare
AcceleratorClientConnectionCallback - disconnected - :0
[Licensing::Client] Successfully resolved entitlement details
Begin MonoManager ReloadAssembly
Native extension for WindowsStandalone target not found
Native extension for WebGL target not found
[Package Manager] Failed to launch server process. Reason: Unity was launched with the -noUpm command-line argument
[Package Manager] Unable to send message (not connected to server process).
[Package Manager] Cannot connect to Unity Package Manager local server
[Package Manager] Failed to launch server process. Reason: Unity was launched with the -noUpm command-line argument
[Package Manager] Unable to send message (not connected to server process).
[Package Manager] Cannot connect to Unity Package Manager local server
ScheduleIndexationOnStartup MainProcess:False IndexOnStartup:True
Mono: successfully reloaded assembly
- Finished resetting the current domain, in  0.822 seconds
Domain Reload Profiling: 1667ms
	BeginReloadAssembly (214ms)
		DisableScriptedObjects (14ms)
		CreateAndSetChildDomain (42ms)
	RebuildCommonClasses (8ms)
	RebuildNativeTypeToScriptingClass (18ms)
	initialDomainReloadingComplete (56ms)
	LoadAllAssembliesAndSetupDomain (548ms)
		LoadAssemblies (321ms)
		AnalyzeDomain (205ms)
			TypeCache.Refresh (11ms)
			BuildScriptInfoCaches (185ms)
			ResolveRequiredComponents (7ms)
	FinalizeReload (824ms)
		SetupLoadedEditorAssemblies (0ms)
			InitializePlatformSupportModulesInManaged (3ms)
			BeforeProcessingInitializeOnLoad (102ms)
			ProcessInitializeOnLoadAttributes (323ms)
			ProcessInitializeOnLoadMethodAttributes (139ms)
			AfterProcessingInitializeOnLoad (8ms)
		AwakeInstancesAfterBackupRestoration (18ms)
Refreshing native plugins compatible for Editor in 2.19 ms, found 5 plugins.
Unloading 22 Unused Serialized files (Serialized files now loaded: 0)
Unloading 7157 unused Assets / (6.2 MB). Loaded Objects now: 8172.
Memory consumption went from 354.1 MB to 347.9 MB.
Total: 11.500700 ms (FindLiveObjects: 0.713700 ms CreateObjectMapping: 2.853900 ms MarkObjects: 4.877700 ms  DeleteObjects: 3.053000 ms)

Prepare: number of updated asset objects reloaded= 0
========================================================================
Received Import Request.
  Time of request: 2026-07-05T10:46:44.8360031Z
  Time since last request: 663.408411 seconds.
  importAddress: GUID: b95bccad01e640e47b1548557b81583d - Path: Assets/pipegen.prefab - Importer: PreviewImporter
Importing 'GUID: b95bccad01e640e47b1548557b81583d - Path: Assets/pipegen.prefab - Importer: PreviewImporter' with importer (PreviewImporter)
Imported 'GUID: b95bccad01e640e47b1548557b81583d' -> (Import Result ID: 'ed36aa10b844e6b38a9d29f61079a1db') in 0.034 seconds [static and dynamic dependencies]. Details - ImportResultOutputID=c703781b5628ef6c1a32f2309a7ad4d4 DependenciesID=0c31f1445a7bae9868d3dc5e0ddb99d4 StaticDependenciesID=1856b6afe143574f498c08667e11e2fe 
Number of updated asset objects reloaded before import = 0
Number of asset objects unloaded after import = 5
========================================================================
Received Prepare
AcceleratorClientConnectionCallback - disconnected - :0
Refreshing native plugins compatible for Editor in 2.46 ms, found 5 plugins.
Unloading 22 Unused Serialized files (Serialized files now loaded: 0)
Unloading 22 unused Assets / (2.6 MB). Loaded Objects now: 8172.
Memory consumption went from 346.9 MB to 344.3 MB.
Total: 7.382700 ms (FindLiveObjects: 0.519500 ms CreateObjectMapping: 1.253500 ms MarkObjects: 5.210500 ms  DeleteObjects: 0.398000 ms)

Prepare: number of updated asset objects reloaded= 0
========================================================================
Received Prepare
AcceleratorClientConnectionCallback - disconnected - :0
[Licensing::Client] Successfully resolved entitlement details
Begin MonoManager ReloadAssembly
Native extension for WindowsStandalone target not found
Native extension for WebGL target not found
[Package Manager] Failed to launch server process. Reason: Unity was launched with the -noUpm command-line argument
[Package Manager] Unable to send message (not connected to server process).
[Package Manager] Cannot connect to Unity Package Manager local server
[Package Manager] Failed to launch server process. Reason: Unity was launched with the -noUpm command-line argument
[Package Manager] Unable to send message (not connected to server process).
[Package Manager] Cannot connect to Unity Package Manager local server
ScheduleIndexationOnStartup MainProcess:False IndexOnStartup:True
Mono: successfully reloaded assembly
- Finished resetting the current domain, in  0.778 seconds
Domain Reload Profiling: 1649ms
	BeginReloadAssembly (205ms)
		DisableScriptedObjects (10ms)
		CreateAndSetChildDomain (43ms)
	RebuildCommonClasses (8ms)
	RebuildNativeTypeToScriptingClass (19ms)
	initialDomainReloadingComplete (55ms)
	LoadAllAssembliesAndSetupDomain (583ms)
		LoadAssemblies (321ms)
		AnalyzeDomain (225ms)
			TypeCache.Refresh (10ms)
			BuildScriptInfoCaches (201ms)
			ResolveRequiredComponents (11ms)
	FinalizeReload (779ms)
		SetupLoadedEditorAssemblies (0ms)
			BeforeProcessingInitializeOnLoad (100ms)
			ProcessInitializeOnLoadAttributes (298ms)
			ProcessInitializeOnLoadMethodAttributes (127ms)
			AfterProcessingInitializeOnLoad (6ms)
		AwakeInstancesAfterBackupRestoration (30ms)
Refreshing native plugins compatible for Editor in 2.89 ms, found 5 plugins.
Unloading 22 Unused Serialized files (Serialized files now loaded: 0)
Unloading 7157 unused Assets / (5.6 MB). Loaded Objects now: 8175.
Memory consumption went from 354.1 MB to 348.5 MB.
Total: 10.690600 ms (FindLiveObjects: 0.692300 ms CreateObjectMapping: 2.756200 ms MarkObjects: 4.429400 ms  DeleteObjects: 2.811300 ms)

Prepare: number of updated asset objects reloaded= 0
========================================================================
Received Import Request.
  Time of request: 2026-07-05T10:50:52.0711256Z
  Time since last request: 247.18941280000001 seconds.
  importAddress: GUID: b95bccad01e640e47b1548557b81583d - Path: Assets/pipegen.prefab - Importer: PreviewImporter
Importing 'GUID: b95bccad01e640e47b1548557b81583d - Path: Assets/pipegen.prefab - Importer: PreviewImporter' with importer (PreviewImporter)
Imported 'GUID: b95bccad01e640e47b1548557b81583d' -> (Import Result ID: '7fb1ef2187d067147fd02cdbd9db363b') in 0.029 seconds [static and dynamic dependencies]. Details - ImportResultOutputID=c703781b5628ef6c1a32f2309a7ad4d4 DependenciesID=e88b6fb99fff37ee31b1c66973dbd0b2 StaticDependenciesID=4ff636bc6870ad91c2f7e8a27bd7ed42 
Number of updated asset objects reloaded before import = 0
Number of asset objects unloaded after import = 5
========================================================================
Received Prepare
AcceleratorClientConnectionCallback - disconnected - :0
Begin MonoManager ReloadAssembly
Native extension for WindowsStandalone target not found
Native extension for WebGL target not found
[Package Manager] Failed to launch server process. Reason: Unity was launched with the -noUpm command-line argument
[Package Manager] Unable to send message (not connected to server process).
[Package Manager] Cannot connect to Unity Package Manager local server
[Package Manager] Failed to launch server process. Reason: Unity was launched with the -noUpm command-line argument
[Package Manager] Unable to send message (not connected to server process).
[Package Manager] Cannot connect to Unity Package Manager local server
ScheduleIndexationOnStartup MainProcess:False IndexOnStartup:True
Mono: successfully reloaded assembly
- Finished resetting the current domain, in  0.725 seconds
Domain Reload Profiling: 1590ms
	BeginReloadAssembly (227ms)
		DisableScriptedObjects (12ms)
		CreateAndSetChildDomain (48ms)
	RebuildCommonClasses (8ms)
	RebuildNativeTypeToScriptingClass (16ms)
	initialDomainReloadingComplete (58ms)
	LoadAllAssembliesAndSetupDomain (554ms)
		LoadAssemblies (334ms)
		AnalyzeDomain (202ms)
			TypeCache.Refresh (13ms)
			BuildScriptInfoCaches (180ms)
			ResolveRequiredComponents (7ms)
	FinalizeReload (726ms)
		SetupLoadedEditorAssemblies (0ms)
			BeforeProcessingInitializeOnLoad (88ms)
			ProcessInitializeOnLoadAttributes (291ms)
			ProcessInitializeOnLoadMethodAttributes (130ms)
			AfterProcessingInitializeOnLoad (6ms)
		AwakeInstancesAfterBackupRestoration (18ms)
Unloading 22 Unused Serialized files (Serialized files now loaded: 0)
Unloading 7157 unused Assets / (4.8 MB). Loaded Objects now: 8178.
Memory consumption went from 352.2 MB to 347.5 MB.
Total: 15.815100 ms (FindLiveObjects: 0.745000 ms CreateObjectMapping: 2.739700 ms MarkObjects: 8.554900 ms  DeleteObjects: 3.773700 ms)

Prepare: number of updated asset objects reloaded= 0
========================================================================
Received Prepare
AcceleratorClientConnectionCallback - disconnected - :0
Refreshing native plugins compatible for Editor in 3.34 ms, found 5 plugins.
Unloading 22 Unused Serialized files (Serialized files now loaded: 0)
Unloading 7142 unused Assets / (5.5 MB). Loaded Objects now: 8178.
Memory consumption went from 354.3 MB to 348.9 MB.
Total: 12.671800 ms (FindLiveObjects: 0.789500 ms CreateObjectMapping: 2.959000 ms MarkObjects: 5.450200 ms  DeleteObjects: 3.470800 ms)

Prepare: number of updated asset objects reloaded= 0
========================================================================
Received Import Request.
  Time of request: 2026-07-05T10:57:12.4039114Z
  Time since last request: 380.29246549999999 seconds.
  importAddress: GUID: ceb35288ac262e7419343ab9a0e57157 - Path: Assets/pipecreate.cs - Importer: PreviewImporter
Importing 'GUID: ceb35288ac262e7419343ab9a0e57157 - Path: Assets/pipecreate.cs - Importer: PreviewImporter' with importer (PreviewImporter)
Imported 'GUID: ceb35288ac262e7419343ab9a0e57157' -> (Import Result ID: '7814ff9eba988a741d6725907c72fbc2') in 0.001 seconds [static and dynamic dependencies]. Details - ImportResultOutputID=6821d845a9685c42d85ee7d2d33879dc DependenciesID=8798e24f31c378f8e025f116b42a308a StaticDependenciesID=b27dcade8010a1c35c1d6972178750e0 
Number of updated asset objects reloaded before import = 0
Number of asset objects unloaded after import = 0
========================================================================
Received Prepare
AcceleratorClientConnectionCallback - disconnected - :0
[Licensing::Client] Successfully resolved entitlement details
Begin MonoManager ReloadAssembly
Refreshing native plugins compatible for Editor in 2.87 ms, found 5 plugins.
Native extension for WindowsStandalone target not found
Native extension for WebGL target not found
[Package Manager] Failed to launch server process. Reason: Unity was launched with the -noUpm command-line argument
[Package Manager] Unable to send message (not connected to server process).
[Package Manager] Cannot connect to Unity Package Manager local server
[Package Manager] Failed to launch server process. Reason: Unity was launched with the -noUpm command-line argument
[Package Manager] Unable to send message (not connected to server process).
[Package Manager] Cannot connect to Unity Package Manager local server
ScheduleIndexationOnStartup MainProcess:False IndexOnStartup:True
Mono: successfully reloaded assembly
- Finished resetting the current domain, in  0.810 seconds
Domain Reload Profiling: 1654ms
	BeginReloadAssembly (209ms)
		DisableScriptedObjects (11ms)
		CreateAndSetChildDomain (44ms)
	RebuildCommonClasses (7ms)
	RebuildNativeTypeToScriptingClass (14ms)
	initialDomainReloadingComplete (54ms)
	LoadAllAssembliesAndSetupDomain (558ms)
		LoadAssemblies (326ms)
		AnalyzeDomain (204ms)
			TypeCache.Refresh (12ms)
			BuildScriptInfoCaches (182ms)
			ResolveRequiredComponents (8ms)
	FinalizeReload (812ms)
		SetupLoadedEditorAssemblies (0ms)
			InitializePlatformSupportModulesInManaged (3ms)
			BeforeProcessingInitializeOnLoad (104ms)
			ProcessInitializeOnLoadAttributes (306ms)
			ProcessInitializeOnLoadMethodAttributes (148ms)
			AfterProcessingInitializeOnLoad (8ms)
		AwakeInstancesAfterBackupRestoration (19ms)
Refreshing native plugins compatible for Editor in 2.04 ms, found 5 plugins.
Unloading 22 Unused Serialized files (Serialized files now loaded: 0)
Unloading 7157 unused Assets / (6.0 MB). Loaded Objects now: 8181.
Memory consumption went from 356.3 MB to 350.3 MB.
Total: 11.736900 ms (FindLiveObjects: 0.934500 ms CreateObjectMapping: 3.040900 ms MarkObjects: 4.256500 ms  DeleteObjects: 3.502700 ms)

Prepare: number of updated asset objects reloaded= 0
========================================================================
Received Import Request.
  Time of request: 2026-07-05T11:02:29.2540447Z
  Time since last request: 316.83727479999999 seconds.
  importAddress: GUID: b95bccad01e640e47b1548557b81583d - Path: Assets/pipegen.prefab - Importer: PreviewImporter
Importing 'GUID: b95bccad01e640e47b1548557b81583d - Path: Assets/pipegen.prefab - Importer: PreviewImporter' with importer (PreviewImporter)
Imported 'GUID: b95bccad01e640e47b1548557b81583d' -> (Import Result ID: '9a5d7837e87c8ac62df2d522196300a6') in 0.028 seconds [static and dynamic dependencies]. Details - ImportResultOutputID=c703781b5628ef6c1a32f2309a7ad4d4 DependenciesID=d59f65b2c4d7e2cf9ed079ce63fcd654 StaticDependenciesID=4ff636bc6870ad91c2f7e8a27bd7ed42 
Number of updated asset objects reloaded before import = 0
Number of asset objects unloaded after import = 5
========================================================================
Received Prepare
AcceleratorClientConnectionCallback - disconnected - :0
[Licensing::Client] Successfully resolved entitlement details
Begin MonoManager ReloadAssembly
Refreshing native plugins compatible for Editor in 2.59 ms, found 5 plugins.
Native extension for WindowsStandalone target not found
Native extension for WebGL target not found
[Package Manager] Failed to launch server process. Reason: Unity was launched with the -noUpm command-line argument
[Package Manager] Unable to send message (not connected to server process).
[Package Manager] Cannot connect to Unity Package Manager local server
[Package Manager] Failed to launch server process. Reason: Unity was launched with the -noUpm command-line argument
[Package Manager] Unable to send message (not connected to server process).
[Package Manager] Cannot connect to Unity Package Manager local server
ScheduleIndexationOnStartup MainProcess:False IndexOnStartup:True
Mono: successfully reloaded assembly
- Finished resetting the current domain, in  0.673 seconds
Domain Reload Profiling: 1551ms
	BeginReloadAssembly (207ms)
		DisableScriptedObjects (10ms)
		CreateAndSetChildDomain (50ms)
	RebuildCommonClasses (7ms)
	RebuildNativeTypeToScriptingClass (15ms)
	initialDomainReloadingComplete (71ms)
	LoadAllAssembliesAndSetupDomain (576ms)
		LoadAssemblies (328ms)
		AnalyzeDomain (218ms)
			TypeCache.Refresh (12ms)
			BuildScriptInfoCaches (196ms)
			ResolveRequiredComponents (7ms)
	FinalizeReload (674ms)
		SetupLoadedEditorAssemblies (0ms)
			BeforeProcessingInitializeOnLoad (87ms)
			ProcessInitializeOnLoadAttributes (260ms)
			ProcessInitializeOnLoadMethodAttributes (119ms)
			AfterProcessingInitializeOnLoad (5ms)
		AwakeInstancesAfterBackupRestoration (17ms)
Unloading 22 Unused Serialized files (Serialized files now loaded: 0)
Unloading 7157 unused Assets / (6.0 MB). Loaded Objects now: 8184.
Memory consumption went from 352.4 MB to 346.3 MB.
Total: 10.121700 ms (FindLiveObjects: 0.641600 ms CreateObjectMapping: 2.701800 ms MarkObjects: 4.190200 ms  DeleteObjects: 2.586700 ms)

Prepare: number of updated asset objects reloaded= 0
